// Jest Snapshot v1, https://goo.gl/fbAQLP

exports[`<App /> should render and match the snapshot 1`] = `
<BrowserRouter>
  <Routes>
    <Route
      element={<Unknown />}
      path="/"
    />
    <Route
      element={<Unknown />}
      path="/login"
    />
    <Route
      element={
        <Unknown
          typePage="register"
        />
      }
      path="/register"
    />
    <Route
      element={<Unknown />}
      path="*"
    />
  </Routes>
</BrowserRouter>
`;
